// Jest Snapshot v1, https://goo.gl/fbAQLP

exports[`With Enzyme renders correctly 1`] = `
ShallowWrapper {
  "length": 1,
  Symbol(enzyme.__root__): [Circular],
  Symbol(enzyme.__unrendered__): <App />,
  Symbol(enzyme.__renderer__): Object {
    "batchedUpdates": [Function],
    "getNode": [Function],
    "render": [Function],
    "simulateEvent": [Function],
    "unmount": [Function],
  },
  Symbol(enzyme.__node__): Object {
    "instance": null,
    "key": undefined,
    "nodeType": "host",
    "props": Object {
      "children": Array [
        <CustomHead
          title={undefined}
        />,
        <div
          className="jsx-1733877071 app-inner"
        >
          <header
            className="jsx-1733877071"
          >
            <Header />
          </header>
          <main
            className="jsx-1733877071"
          />
          <footer
            className="jsx-1733877071"
          >
            <Footer />
          </footer>
        </div>,
        <JSXStyle
          css="a{text-decoration:none;color:inherit;}li{list-style:none;}body{height:100vh;width:100vw;box-sizing:border-box;}"
          styleId="1733877071"
        />,
      ],
      "className": "jsx-1733877071 app-outer",
    },
    "ref": null,
    "rendered": Array [
      Object {
        "instance": null,
        "key": undefined,
        "nodeType": "function",
        "props": Object {
          "title": undefined,
        },
        "ref": null,
        "rendered": null,
        "type": [Function],
      },
      Object {
        "instance": null,
        "key": undefined,
        "nodeType": "host",
        "props": Object {
          "children": Array [
            <header
              className="jsx-1733877071"
            >
              <Header />
            </header>,
            <main
              className="jsx-1733877071"
            />,
            <footer
              className="jsx-1733877071"
            >
              <Footer />
            </footer>,
          ],
          "className": "jsx-1733877071 app-inner",
        },
        "ref": null,
        "rendered": Array [
          Object {
            "instance": null,
            "key": undefined,
            "nodeType": "host",
            "props": Object {
              "children": <Header />,
              "className": "jsx-1733877071",
            },
            "ref": null,
            "rendered": Object {
              "instance": null,
              "key": undefined,
              "nodeType": "function",
              "props": Object {},
              "ref": null,
              "rendered": null,
              "type": [Function],
            },
            "type": "header",
          },
          Object {
            "instance": null,
            "key": undefined,
            "nodeType": "host",
            "props": Object {
              "children": undefined,
              "className": "jsx-1733877071",
            },
            "ref": null,
            "rendered": null,
            "type": "main",
          },
          Object {
            "instance": null,
            "key": undefined,
            "nodeType": "host",
            "props": Object {
              "children": <Footer />,
              "className": "jsx-1733877071",
            },
            "ref": null,
            "rendered": Object {
              "instance": null,
              "key": undefined,
              "nodeType": "function",
              "props": Object {},
              "ref": null,
              "rendered": null,
              "type": [Function],
            },
            "type": "footer",
          },
        ],
        "type": "div",
      },
      Object {
        "instance": null,
        "key": undefined,
        "nodeType": "class",
        "props": Object {
          "css": "a{text-decoration:none;color:inherit;}li{list-style:none;}body{height:100vh;width:100vw;box-sizing:border-box;}",
          "styleId": "1733877071",
        },
        "ref": null,
        "rendered": null,
        "type": [Function],
      },
    ],
    "type": "div",
  },
  Symbol(enzyme.__nodes__): Array [
    Object {
      "instance": null,
      "key": undefined,
      "nodeType": "host",
      "props": Object {
        "children": Array [
          <CustomHead
            title={undefined}
          />,
          <div
            className="jsx-1733877071 app-inner"
          >
            <header
              className="jsx-1733877071"
            >
              <Header />
            </header>
            <main
              className="jsx-1733877071"
            />
            <footer
              className="jsx-1733877071"
            >
              <Footer />
            </footer>
          </div>,
          <JSXStyle
            css="a{text-decoration:none;color:inherit;}li{list-style:none;}body{height:100vh;width:100vw;box-sizing:border-box;}"
            styleId="1733877071"
          />,
        ],
        "className": "jsx-1733877071 app-outer",
      },
      "ref": null,
      "rendered": Array [
        Object {
          "instance": null,
          "key": undefined,
          "nodeType": "function",
          "props": Object {
            "title": undefined,
          },
          "ref": null,
          "rendered": null,
          "type": [Function],
        },
        Object {
          "instance": null,
          "key": undefined,
          "nodeType": "host",
          "props": Object {
            "children": Array [
              <header
                className="jsx-1733877071"
              >
                <Header />
              </header>,
              <main
                className="jsx-1733877071"
              />,
              <footer
                className="jsx-1733877071"
              >
                <Footer />
              </footer>,
            ],
            "className": "jsx-1733877071 app-inner",
          },
          "ref": null,
          "rendered": Array [
            Object {
              "instance": null,
              "key": undefined,
              "nodeType": "host",
              "props": Object {
                "children": <Header />,
                "className": "jsx-1733877071",
              },
              "ref": null,
              "rendered": Object {
                "instance": null,
                "key": undefined,
                "nodeType": "function",
                "props": Object {},
                "ref": null,
                "rendered": null,
                "type": [Function],
              },
              "type": "header",
            },
            Object {
              "instance": null,
              "key": undefined,
              "nodeType": "host",
              "props": Object {
                "children": undefined,
                "className": "jsx-1733877071",
              },
              "ref": null,
              "rendered": null,
              "type": "main",
            },
            Object {
              "instance": null,
              "key": undefined,
              "nodeType": "host",
              "props": Object {
                "children": <Footer />,
                "className": "jsx-1733877071",
              },
              "ref": null,
              "rendered": Object {
                "instance": null,
                "key": undefined,
                "nodeType": "function",
                "props": Object {},
                "ref": null,
                "rendered": null,
                "type": [Function],
              },
              "type": "footer",
            },
          ],
          "type": "div",
        },
        Object {
          "instance": null,
          "key": undefined,
          "nodeType": "class",
          "props": Object {
            "css": "a{text-decoration:none;color:inherit;}li{list-style:none;}body{height:100vh;width:100vw;box-sizing:border-box;}",
            "styleId": "1733877071",
          },
          "ref": null,
          "rendered": null,
          "type": [Function],
        },
      ],
      "type": "div",
    },
  ],
  Symbol(enzyme.__options__): Object {
    "adapter": ReactSixteenAdapter {
      "options": Object {
        "enableComponentDidUpdateOnSetState": true,
      },
    },
  },
}
`;

exports[`With Snapshot Testing App shows "Hello world!" 1`] = `
<div
  data-jsx={2648947580}
>
  <p
    data-jsx={2648947580}
  >
    Hello World!
  </p>
</div>
`;
